nftset=/woodpecker.215216777.xyz/4#inet#fw4#vpn_wg
nftset=/stork.eee.215216777.xyz/4#inet#fw4#vpn_wg
nftset=/bobcat.215216777.xyz/4#inet#fw4#vpn_wg
nftset=/openwrt.org/4#inet#fw4#vpn_wg
nftset=/dnscrypt.info/4#inet#fw4#vpn_wg
nftset=/github.com/4#inet#fw4#vpn_wg
nftset=/githubusercontent.com/4#inet#fw4#vpn_wg
#####bank#####
nftset=/privatbank.ua/4#inet#fw4#vps_eu
nftset=/privat24.ua/4#inet#fw4#vps_eu
#####Kino#####
nftset=/bitru.org/4#inet#fw4#vps_eu
nftset=/filmix.my/4#inet#fw4#vps_eu
nftset=/filmix.day/4#inet#fw4#vps_eu
nftset=/filmix.la/4#inet#fw4#vps_eu
nftset=/kino.pub/4#inet#fw4#vps_eu
nftset=/kinobase.org/4#inet#fw4#vps_eu
nftset=/kinogo.ec/4#inet#fw4#vps_eu
nftset=/kinogo.as/4#inet#fw4#vps_eu
nftset=/kinopub.me/4#inet#fw4#vps_eu
nftset=/kinovod.net/4#inet#fw4#vps_eu
#####
nftset=/cbilling.eu/4#inet#fw4#vps_eu
nftset=/cbilling.vip/4#inet#fw4#vps_eu
nftset=/onlineradiobox.com/4#inet#fw4#vps_eu
nftset=/primevideo.com/4#inet#fw4#vps_eu
nftset=/selezen.org/4#inet#fw4#vps_eu
#####hdrezka#####
nftset=/hdrezka-home.tv/4#inet#fw4#vpn_wg
nftset=/hdrezka.ag/4#inet#fw4#vpn_wg
nftset=/hdrezka.ac/4#inet#fw4#vpn_wg
nftset=/hdrezka.me/4#inet#fw4#vpn_wg
nftset=/hd-rezka.tv/4#inet#fw4#vpn_wg
nftset=/voidboost.cc/4#inet#fw4#vpn_wg
nftset=/voidboost.com/4#inet#fw4#vpn_wg
nftset=/rezka.ag/4#inet#fw4#vpn_wg
nftset=/rezka.my/4#inet#fw4#vpn_wg
nftset=/rezkify.com/4#inet#fw4#vpn_wg
nftset=/rezka-ua.in/4#inet#fw4#vpn_wg
nftset=/statichdrezka.ac/4#inet#fw4#vpn_wg
#####netflix#####
nftset=/netflix.com/4#inet#fw4#vps_eu
nftset=/nflxext.com/4#inet#fw4#vps_eu
nftset=/nflximg.net/4#inet#fw4#vps_eu
nftset=/nflxvideo.net/4#inet#fw4#vps_eu
#####Forum_Socset#####
nftset=/4pda.ru/4#inet#fw4#vps_eu
nftset=/4pda.to/4#inet#fw4#vps_eu
nftset=/4pda.ws/4#inet#fw4#vps_eu
nftset=/4pna.com/4#inet#fw4#vps_eu
nftset=/guilded.gg/4#inet#fw4#vps_eu
nftset=/lolz.guru/4#inet#fw4#vps_eu
nftset=/ntc.party/4#inet#fw4#vps_eu
nftset=/signal.org/4#inet#fw4#vps_eu
nftset=/simplex.chat/4#inet#fw4#vps_eu
nftset=/simplex.im/4#inet#fw4#vps_eu
nftset=/threema.ch/4#inet#fw4#vps_eu
nftset=/ru-board.com/4#inet#fw4#vps_eu
#####R.Lub#####
nftset=/cxem.net/4#inet#fw4#vps_eu
#####Telegram#####
nftset=/cdn-telegram.org/4#inet#fw4#vpn_wg
nftset=/comments.app/4#inet#fw4#vpn_wg
nftset=/contest.com/4#inet#fw4#vpn_wg
nftset=/fragment.com/4#inet#fw4#vpn_wg
nftset=/graph.org/4#inet#fw4#vpn_wg
nftset=/quiz.directory/4#inet#fw4#vpn_wg
nftset=/t.me/4#inet#fw4#vpn_wg
nftset=/tdesktop.com/4#inet#fw4#vpn_wg
nftset=/telega.one/4#inet#fw4#vpn_wg
nftset=/telegra.ph/4#inet#fw4#vpn_wg
nftset=/telegram-cdn.org/4#inet#fw4#vpn_wg
nftset=/telegram.dog/4#inet#fw4#vpn_wg
nftset=/telegram.me/4#inet#fw4#vpn_wg
nftset=/telegram.org/4#inet#fw4#vpn_wg
nftset=/telegram.space/4#inet#fw4#vpn_wg
nftset=/telesco.pe/4#inet#fw4#vpn_wg
nftset=/tg.dev/4#inet#fw4#vpn_wg
nftset=/tx.me/4#inet#fw4#vpn_wg
nftset=/usercontent.dev/4#inet#fw4#vpn_wg
#####Meta#####
nftset=/meta.com/4#inet#fw4#vps_eu
#####Whatsapp#####
nftset=/whatsapp.com/4#inet#fw4#vpn_wg
nftset=/whatsapp.net/4#inet#fw4#vpn_wg
nftset=/whatsapp.biz/4#inet#fw4#vpn_wg
nftset=/wa.me/4#inet#fw4#vpn_wg
#####Instagram#####
nftset=/instagram.com/4#inet#fw4#vps_eu
nftset=/ig.me/4#inet#fw4#vps_eu
nftset=/cdninstagram.com/4#inet#fw4#vps_eu
#####Facebook#####
nftset=/facebook.com/4#inet#fw4#vps_eu
nftset=/facebook.net/4#inet#fw4#vps_eu
nftset=/fbcdn.net/4#inet#fw4#vps_eu
nftset=/fbsbx.com/4#inet#fw4#vps_eu
nftset=/internalfb.com/4#inet#fw4#vps_eu
nftset=/oculus.com/4#inet#fw4#vps_eu
nftset=/threads.net/4#inet#fw4#vps_eu
nftset=/fb.com/4#inet#fw4#vps_eu
#####Twitter#####
nftset=/ads-twitter.com/4#inet#fw4#vps_eu
nftset=/cms-twdigitalassets.com/4#inet#fw4#vps_eu
nftset=/periscope.tv/4#inet#fw4#vps_eu
nftset=/pscp.tv/4#inet#fw4#vps_eu
nftset=/t.co/4#inet#fw4#vps_eu
nftset=/tellapart.com/4#inet#fw4#vps_eu
nftset=/tweetdeck.com/4#inet#fw4#vps_eu
nftset=/twimg.com/4#inet#fw4#vps_eu
nftset=/twitpic.com/4#inet#fw4#vps_eu
nftset=/twitter.biz/4#inet#fw4#vps_eu
nftset=/twitter.com/4#inet#fw4#vps_eu
nftset=/twitter.jp/4#inet#fw4#vps_eu
nftset=/twittercommunity.com/4#inet#fw4#vps_eu
nftset=/twitterflightschool.com/4#inet#fw4#vps_eu
nftset=/twitterinc.com/4#inet#fw4#vps_eu
nftset=/twitteroauth.com/4#inet#fw4#vps_eu
nftset=/twitterstat.us/4#inet#fw4#vps_eu
nftset=/twtrdns.net/4#inet#fw4#vps_eu
nftset=/twttr.com/4#inet#fw4#vps_eu
nftset=/twttr.net/4#inet#fw4#vps_eu
nftset=/twvid.com/4#inet#fw4#vps_eu
nftset=/vine.co/4#inet#fw4#vps_eu
nftset=/x.com/4#inet#fw4#vps_eu
#####Discord#####
nftset=/dis.gd/4#inet#fw4#vps_eu
nftset=/discord.co/4#inet#fw4#vps_eu
nftset=/discord.com/4#inet#fw4#vps_eu
nftset=/discord.design/4#inet#fw4#vps_eu
nftset=/discord.dev/4#inet#fw4#vps_eu
nftset=/discord.gg/4#inet#fw4#vps_eu
nftset=/discord.gift/4#inet#fw4#vps_eu
nftset=/discord.gifts/4#inet#fw4#vps_eu
nftset=/discord.media/4#inet#fw4#vps_eu
nftset=/discord.new/4#inet#fw4#vps_eu
nftset=/discord.store/4#inet#fw4#vps_eu
nftset=/discord.tools/4#inet#fw4#vps_eu
nftset=/discordapp.com/4#inet#fw4#vps_eu
nftset=/discordapp.net/4#inet#fw4#vps_eu
nftset=/discordmerch.com/4#inet#fw4#vps_eu
nftset=/discordpartygames.com/4#inet#fw4#vps_eu
nftset=/discord-activities.com/4#inet#fw4#vps_eu
nftset=/discordactivities.com/4#inet#fw4#vps_eu
nftset=/discordsays.com/4#inet#fw4#vps_eu
nftset=/discord-attachments-uploads-prd.storage.googleapis.com/4#inet#fw4#vps_eu
nftset=/discordapp.io/4#inet#fw4#vps_eu
nftset=/discordapp.org/4#inet#fw4#vps_eu
nftset=/discordstatus.com/4#inet#fw4#vps_eu
#####Viber#####
nftset=/viber.com/4#inet#fw4#vps_eu
#####
nftset=/rakuten.com/4#inet#fw4#vps_eu
nftset=/adjust.com/4#inet#fw4#vps_eu
nftset=/adjust.io/4#inet#fw4#vps_eu
nftset=/vb.me/4#inet#fw4#vps_eu
nftset=/acr.amplreq.com/4#inet#fw4#vps_eu
nftset=/api.snapkit.com/4#inet#fw4#vps_eu
#####TikTok#####
nftset=/byteoversea.com/4#inet#fw4#vpn_wg
nftset=/ibytedtos.com/4#inet#fw4#vpn_wg
nftset=/muscdn.com/4#inet#fw4#vpn_wg
nftset=/musical.ly/4#inet#fw4#vpn_wg
nftset=/tik-tokapi.com/4#inet#fw4#vpn_wg
nftset=/tiktok.com/4#inet#fw4#vpn_wg
nftset=/tiktokcdn-us.com/4#inet#fw4#vpn_wg
nftset=/tiktokcdn-eu.com/4#inet#fw4#vpn_wg
nftset=/tiktokcdn.com/4#inet#fw4#vpn_wg
nftset=/tiktokd.net/4#inet#fw4#vpn_wg
nftset=/tiktokd.org/4#inet#fw4#vpn_wg
nftset=/tiktokv.com/4#inet#fw4#vpn_wg
nftset=/tiktokv.us/4#inet#fw4#vpn_wg
nftset=/tiktokw.us/4#inet#fw4#vpn_wg
nftset=/ttwstatic.com/4#inet#fw4#vpn_wg
nftset=/tiktokv.eu/4#inet#fw4#vpn_wg
#####Google#####
nftset=/www.google.com/4#inet#fw4#vpn_wg
nftset=/accounts.google.com/4#inet#fw4#vps_eu
nftset=/news.google.com/4#inet#fw4#vps_eu
nftset=/dl.google.com/4#inet#fw4#vps_eu
nftset=/dl-ssl.google.com/4#inet#fw4#vps_eu
nftset=/1e100.net/4#inet#fw4#vps_eu
nftset=/video.google.com/4#inet#fw4#vps_eu
nftset=/lookerstudio.google.com/4#inet#fw4#vps_eu
nftset=/suggestqueries.google.com/4#inet#fw4#vps_eu
nftset=/googletagmanager.com/4#inet#fw4#vps_eu
nftset=/googleapis.l.google.com/4#inet#fw4#vps_eu
nftset=/stun.l.google.com/4#inet#fw4#vps_eu
nftset=/apis.google.com/4#inet#fw4#vps_eu
nftset=/safebrowsing.googleapis.com/4#inet#fw4#vps_eu
#####TV#####
nftset=/embeddedassistant.googleapis.com/4#inet#fw4#vps_eu
nftset=/zerostateproxy-pa.googleapis.com/4#inet#fw4#vps_eu
nftset=/notifications-pa.googleapis.com/4#inet#fw4#vps_eu
nftset=/googlehomefoyer-pa.googleapis.com/4#inet#fw4#vps_eu
nftset=/androidtvlauncherxfe-pa.googleapis.com/4#inet#fw4#vps_eu
nftset=/androidtvdreamxfe-pa.googleapis.com/4#inet#fw4#vps_eu
#####Google_play#####
nftset=/android.googleapis.com/4#inet#fw4#vps_eu
nftset=/googleplay.com/4#inet#fw4#vps_eu
nftset=/play-fe.googleapis.com/4#inet#fw4#vps_eu
nftset=/play-games.googleusercontent.com/4#inet#fw4#vps_eu
nftset=/play-lh.googleusercontent.com/4#inet#fw4#vps_eu
nftset=/play.google.com/4#inet#fw4#vps_eu
nftset=/play.googleapis.com/4#inet#fw4#vps_eu
nftset=/ccp-lh.googleusercontent.com/4#inet#fw4#vps_eu
nftset=/lh3.googleusercontent.com/4#inet#fw4#vps_eu
nftset=/connectivitycheck.gstatic.com/4#inet#fw4#vps_eu
nftset=/android.clients.google.com/4#inet#fw4#vps_eu
nftset=/playstoregatewayadapter-pa.googleapis.com/4#inet#fw4#vps_eu
nftset=/prod-lt-playstoregatewayadapter-pa.googleapis.com/4#inet#fw4#vps_eu
nftset=/gvt1.com/4#inet#fw4#vps_eu
#####Google_ai#####
nftset=/deepmind.com/4#inet#fw4#vps_eu
nftset=/deepmind.google/4#inet#fw4#vps_eu
nftset=/geller-pa.googleapis.com/4#inet#fw4#vps_eu
nftset=/generativelanguage.googleapis.com/4#inet#fw4#vps_eu
nftset=/proactivebackend-pa.googleapis.com/4#inet#fw4#vps_eu
nftset=/ai.google.dev/4#inet#fw4#vps_eu
nftset=/generativeai.google/4#inet#fw4#vps_eu
nftset=/makersuite.google.com/4#inet#fw4#vps_eu
nftset=/aistudio.google.com/4#inet#fw4#vps_eu
nftset=/bard.google.com/4#inet#fw4#vps_eu
nftset=/gemini.google/4#inet#fw4#vps_eu
nftset=/gemini.google.com/4#inet#fw4#vps_eu
nftset=/notebooklm.google.com/4#inet#fw4#vps_eu
nftset=/clients6.google.com/4#inet#fw4#vps_eu
nftset=/notebooklm.google/4#inet#fw4#vps_eu
nftset=/jules.google/4#inet#fw4#vps_eu
nftset=/jules.google.com/4#inet#fw4#vps_eu
nftset=/labs.google/4#inet#fw4#vps_eu
nftset=/aisandbox-pa.googleapis.com/4#inet#fw4#vps_eu
nftset=/stitch.withgoogle.com/4#inet#fw4#vps_eu
nftset=/robinfrontend-pa.googleapis.com/4#inet#fw4#vps_eu
#####Youtub#####
nftset=/youtube.com/4#inet#fw4#vpn_wg
nftset=/ytimg.com/4#inet#fw4#vpn_wg
nftset=/yting.com/4#inet#fw4#vpn_wg
nftset=/ggpht.com/4#inet#fw4#vpn_wg
nftset=/googlevideo.com/4#inet#fw4#vpn_wg
nftset=/youtubekids.com/4#inet#fw4#vpn_wg
nftset=/youtu.be/4#inet#fw4#vpn_wg
nftset=/youtube-nocookie.com/4#inet#fw4#vpn_wg
nftset=/wide-youtube.l.google.com/4#inet#fw4#vpn_wg
nftset=/ytimg.l.google.com/4#inet#fw4#vpn_wg
nftset=/youtubei.googleapis.com/4#inet#fw4#vps_eu
nftset=/youtubeembeddedplayer.googleapis.com/4#inet#fw4#vps_eu
nftset=/youtube-ui.l.google.com/4#inet#fw4#vpn_wg
nftset=/yt-video-upload.l.google.com/4#inet#fw4#vpn_wg
nftset=/jnn-pa.googleapis.com/4#inet#fw4#vps_eu
nftset=/returnyoutubedislikeapi.com/4#inet#fw4#vpn_wg
nftset=/yt3.googleusercontent.com/4#inet#fw4#vpn_wg
nftset=/revanced.app/4#inet#fw4#vpn_wg
#####Сloudflare#####
nftset=/engage.cloudflareclient.com/4#inet#fw4#vps_eu
nftset=/cloudflare.com/4#inet#fw4#vpn_wg
nftset=/cloudflarestatus.com/4#inet#fw4#vpn_wg
nftset=/cdnjs.com/4#inet#fw4#vpn_wg
nftset=/cloudflare.net/4#inet#fw4#vpn_wg
nftset=/cloudfront.net/4#inet#fw4#vpn_wg
#####Texnologi i program#####
nftset=/adguard.com/4#inet#fw4#vps_eu
nftset=/adminforge.de/4#inet#fw4#vps_eu
nftset=/adobe.com/4#inet#fw4#vps_eu
nftset=/adobe.io/4#inet#fw4#vps_eu
nftset=/amazfitwatchfaces.com/4#inet#fw4#vps_eu
nftset=/amd.com/4#inet#fw4#vps_eu
nftset=/autodesk.com/4#inet#fw4#vps_eu
nftset=/avira.com/4#inet#fw4#vps_eu
nftset=/bell-sw.com/4#inet#fw4#vps_eu
nftset=/bing.com/4#inet#fw4#vps_eu
nftset=/blinkshot.io/4#inet#fw4#vps_eu
nftset=/bosch-home.com/4#inet#fw4#vps_eu
nftset=/brave.com/4#inet#fw4#vps_eu
nftset=/broadcom.com/4#inet#fw4#vps_eu
nftset=/canva.com/4#inet#fw4#vps_eu
nftset=/capcut.com/4#inet#fw4#vps_eu
nftset=/certifytheweb.com/4#inet#fw4#vps_eu
#####
nftset=/chatgpt.com/4#inet#fw4#vps_eu
nftset=/oaistatic.com/4#inet#fw4#vps_eu
nftset=/oaiusercontent.com/4#inet#fw4#vps_eu
nftset=/openai.com/4#inet#fw4#vps_eu
#####
nftset=/cisco.com/4#inet#fw4#vps_eu
nftset=/clamav.net/4#inet#fw4#vps_eu
nftset=/claude.ai/4#inet#fw4#vps_eu
nftset=/codeium.com/4#inet#fw4#vps_eu
nftset=/copilot.microsoft.com/4#inet#fw4#vps_eu
nftset=/cpu-monkey.com/4#inet#fw4#vps_eu
nftset=/daemon-tools.cc/4#inet#fw4#vps_eu
nftset=/decrypt.day/4#inet#fw4#vps_eu
nftset=/dell.com/4#inet#fw4#vps_eu
nftset=/designer.microsoft.com/4#inet#fw4#vps_eu
nftset=/digitalocean.com/4#inet#fw4#vps_eu
nftset=/element14.com/4#inet#fw4#vps_eu
nftset=/elevenlabs.io/4#inet#fw4#vps_eu
nftset=/fex.net/4#inet#fw4#vps_eu
nftset=/fluke.com/4#inet#fw4#vps_eu
nftset=/flukenetworks.com/4#inet#fw4#vps_eu
nftset=/framer.com/4#inet#fw4#vps_eu
nftset=/gitlab.com/4#inet#fw4#vps_eu
nftset=/gitlab.io/4#inet#fw4#vps_eu
nftset=/gonitro.com/4#inet#fw4#vps_eu
nftset=/grafana.com/4#inet#fw4#vps_eu
nftset=/graylog.org/4#inet#fw4#vps_eu
nftset=/grazie.ai/4#inet#fw4#vps_eu
nftset=/habr.com/4#inet#fw4#vps_eu
nftset=/home-connect.com/4#inet#fw4#vps_eu
nftset=/huawei.com/4#inet#fw4#vps_eu
nftset=/ibm.com/4#inet#fw4#vps_eu
nftset=/infineon.com/4#inet#fw4#vps_eu
nftset=/intel.com/4#inet#fw4#vps_eu
nftset=/intel.de/4#inet#fw4#vps_eu
nftset=/jetbrains.com/4#inet#fw4#vps_eu
nftset=/keysight.com/4#inet#fw4#vps_eu
nftset=/lambdalabs.com/4#inet#fw4#vps_eu
nftset=/leica-geosystems.com/4#inet#fw4#vps_eu
nftset=/lenovo.com/4#inet#fw4#vps_eu
nftset=/libgen.li/4#inet#fw4#vps_eu
nftset=/mbed.com/4#inet#fw4#vps_eu
nftset=/microchip.com/4#inet#fw4#vps_eu
nftset=/mixcloud.com/4#inet#fw4#vps_eu
nftset=/ngrok.com/4#inet#fw4#vps_eu
nftset=/notepad-plus-plus.org/4#inet#fw4#vps_eu
nftset=/nxp.com/4#inet#fw4#vps_eu
nftset=/pages.dev/4#inet#fw4#vps_eu
nftset=/pcbway.com/4#inet#fw4#vps_eu
nftset=/porsche.com/4#inet#fw4#vps_eu
nftset=/prnt.sc/4#inet#fw4#vps_eu
nftset=/qt.io/4#inet#fw4#vps_eu
nftset=/reactflow.dev/4#inet#fw4#vps_eu
nftset=/singlekey-id.com/4#inet#fw4#vps_eu
nftset=/teamviewer.com/4#inet#fw4#vps_eu
nftset=/ti.com/4#inet#fw4#vps_eu
nftset=/torproject.org/4#inet#fw4#vps_eu
nftset=/ubnt.com/4#inet#fw4#vps_eu
nftset=/volkswagen-classic-parts.com/4#inet#fw4#vps_eu
nftset=/vyos.io/4#inet#fw4#vps_eu
nftset=/weebly.com/4#inet#fw4#vps_eu
nftset=/xerox.com/4#inet#fw4#vps_eu
nftset=/quickconnect.to/4#inet#fw4#vps_eu
nftset=/snort.org/4#inet#fw4#vps_eu
#####VPN#####
nftset=/sing-box.sagernet.org/4#inet#fw4#vps_eu
nftset=/amnezia.org/4#inet#fw4#vps_eu
nftset=/pkgs.tailscale.com/4#inet#fw4#vps_eu
nftset=/getoutline.org/4#inet#fw4#vps_eu
nftset=/psiphon.ca/4#inet#fw4#vps_eu
nftset=/vpngate.net/4#inet#fw4#vps_eu
nftset=/vpngen.org/4#inet#fw4#vps_eu
#####Skachat#####
nftset=/1337x.to/4#inet#fw4#vps_eu
nftset=/babook.org/4#inet#fw4#vps_eu
nftset=/booktracker.org/4#inet#fw4#vps_eu
nftset=/gnome-look.org/4#inet#fw4#vps_eu
#####
nftset=/nnmclub.to/4#inet#fw4#vps_eu
nftset=/nnmstatic.win/4#inet#fw4#vps_eu
#####
nftset=/riperam.org/4#inet#fw4#vps_eu
nftset=/rutor.info/4#inet#fw4#vps_eu
nftset=/rutor.org/4#inet#fw4#vps_eu
nftset=/cdnbunny.org/4#inet#fw4#vps_eu
nftset=/rutracker.net/4#inet#fw4#vps_eu
nftset=/rutracker.org/4#inet#fw4#vps_eu
nftset=/turbobit.net/4#inet#fw4#vps_eu
nftset=/ufile.io/4#inet#fw4#vps_eu
nftset=/gofile.io/4#inet#fw4#vps_eu
nftset=/wetransfer.com/4#inet#fw4#vps_eu
#####Magasin#####
nftset=/amazon.com/4#inet#fw4#vps_eu
nftset=/bestbuy.com/4#inet#fw4#vps_eu
nftset=/digikey.com/4#inet#fw4#vps_eu
nftset=/mouser.com/4#inet#fw4#vps_eu
nftset=/olx.ua/4#inet#fw4#vps_eu
#####Gema#####
nftset=/boosteroid.com/4#inet#fw4#vps_eu
nftset=/chess.com/4#inet#fw4#vps_eu
nftset=/eggertspiele.de/4#inet#fw4#vps_eu
nftset=/gameloft.com/4#inet#fw4#vps_eu
nftset=/gamesrepack.com/4#inet#fw4#vps_eu
nftset=/gfn.am/4#inet#fw4#vps_eu
nftset=/stalker2.com/4#inet#fw4#vps_eu
nftset=/velocidrone.com/4#inet#fw4#vps_eu
nftset=/supercell.com/4#inet#fw4#vps_eu
#####Pogoda#####
nftset=/windy.com/4#inet#fw4#vps_eu
nftset=/windguru.cz/4#inet#fw4#vps_eu
nftset=/wunderground.com/4#inet#fw4#vps_eu
#####Muneta#####
nftset=/bitcoin.org/4#inet#fw4#vps_eu
nftset=/buckaroo.nl/4#inet#fw4#vps_eu
nftset=/coingate.com/4#inet#fw4#vps_eu
nftset=/coinpayments.net/4#inet#fw4#vps_eu
nftset=/coinsbee.com/4#inet#fw4#vps_eu
nftset=/forklog.com/4#inet#fw4#vps_eu
nftset=/okx.com/4#inet#fw4#vps_eu
nftset=/opensea.io/4#inet#fw4#vps_eu
nftset=/paypal.com/4#inet#fw4#vps_eu
nftset=/privatekeys.pw/4#inet#fw4#vps_eu
#####Xlam#####
nftset=/ifconfig.co/4#inet#fw4#vpn_wg
nftset=/showip.net/4#inet#fw4#vps_eu
nftset=/fast.com/4#inet#fw4#vps_eu
nftset=/10minutemail.com/4#inet#fw4#vps_eu
nftset=/depositphotos.com/4#inet#fw4#vps_eu
nftset=/dpidetector.org/4#inet#fw4#vps_eu
nftset=/m3u.in/4#inet#fw4#vps_eu
nftset=/macvendors.com/4#inet#fw4#vps_eu
nftset=/mailfence.com/4#inet#fw4#vps_eu
nftset=/mailo.com/4#inet#fw4#vps_eu
nftset=/ohmyswift.ru/4#inet#fw4#vps_eu
nftset=/omv-extras.org/4#inet#fw4#vps_eu
nftset=/onlinesim.ru/4#inet#fw4#vps_eu
nftset=/plugshare.com/4#inet#fw4#vps_eu
nftset=/quora.com/4#inet#fw4#vps_eu
nftset=/quora.com.cdn.cloudflare.net/4#inet#fw4#vps_eu
nftset=/remove.bg/4#inet#fw4#vps_eu
nftset=/rentry.co/4#inet#fw4#vps_eu
nftset=/spreadthesign.com/4#inet#fw4#vps_eu
nftset=/strava.com/4#inet#fw4#vps_eu
nftset=/telemetr.io/4#inet#fw4#vps_eu
nftset=/zerossl.com/4#inet#fw4#vps_eu
nftset=/znanija.com/4#inet#fw4#vps_eu
#####Blog#####
nftset=/itdog.info/4#inet#fw4#vps_eu
nftset=/weblance.com.ua/4#inet#fw4#vps_eu
nftset=/simplix.info/4#inet#fw4#vps_eu
#####
nftset=/aqicn.org/4#inet#fw4#vps_eu
#####
nftset=/.ua/4#inet#fw4#vps_eu
nftset=/com.ua/4#inet#fw4#vps_eu
nftset=/expres.online/4#inet#fw4#vps_eu
nftset=/gagadget.com/4#inet#fw4#vps_eu
nftset=/interfax.com.ua/4#inet#fw4#vps_eu
nftset=/korrespondent.net/4#inet#fw4#vps_eu
nftset=/rbc.ua/4#inet#fw4#vps_eu
nftset=/tvfreedom.io/4#inet#fw4#vps_eu
nftset=/unian.net/4#inet#fw4#vps_eu
#####Novost#####
nftset=/deepstatemap.live/4#inet#fw4#vps_eu
nftset=/extremetech.com/4#inet#fw4#vps_eu
nftset=/golosameriki.com/4#inet#fw4#vps_eu
nftset=/liveuamap.com/4#inet#fw4#vps_eu
