#####bank#####
nftset=/privatbank.ua/4#inet#fw4#vpn_domains
nftset=/privat24.ua/4#inet#fw4#vpn_domains
#####Kino#####
nftset=/bitru.org/4#inet#fw4#vpn_domains
nftset=/filmix.my/4#inet#fw4#vpn_domains
nftset=/filmix.day/4#inet#fw4#vpn_domains
nftset=/filmix.la/4#inet#fw4#vpn_domains
nftset=/kino.pub/4#inet#fw4#vpn_domains
nftset=/kinobase.org/4#inet#fw4#vpn_domains
nftset=/kinogo.ec/4#inet#fw4#vpn_domains
nftset=/kinogo.as/4#inet#fw4#vpn_domains
nftset=/kinopub.me/4#inet#fw4#vpn_domains
nftset=/kinovod.net/4#inet#fw4#vpn_domains
#####
nftset=/cbilling.eu/4#inet#fw4#vpn_domains
nftset=/cbilling.vip/4#inet#fw4#vpn_domains
nftset=/onlineradiobox.com/4#inet#fw4#vpn_domains
nftset=/primevideo.com/4#inet#fw4#vpn_domains
nftset=/selezen.org/4#inet#fw4#vpn_domains
#####hdrezka#####
nftset=/hdrezka.ag/4#inet#fw4#vpn_wg
nftset=/hdrezka.ac/4#inet#fw4#vpn_wg
nftset=/hdrezka.me/4#inet#fw4#vpn_wg
nftset=/hd-rezka.tv/4#inet#fw4#vpn_wg
nftset=/voidboost.cc/4#inet#fw4#vpn_wg
nftset=/rezka.ag/4#inet#fw4#vpn_wg
nftset=/rezka.my/4#inet#fw4#vpn_wg
nftset=/rezkify.com/4#inet#fw4#vpn_wg
nftset=/rezka-ua.in/4#inet#fw4#vpn_wg
#####netflix#####
nftset=/netflix.com/4#inet#fw4#vpn_domains
nftset=/nflxext.com/4#inet#fw4#vpn_domains
nftset=/nflximg.net/4#inet#fw4#vpn_domains
nftset=/nflxvideo.net/4#inet#fw4#vpn_domains
#####Forum_Socset#####
nftset=/4pda.ru/4#inet#fw4#vpn_domains
nftset=/4pda.to/4#inet#fw4#vpn_domains
nftset=/4pda.ws/4#inet#fw4#vpn_domains
nftset=/4pna.com/4#inet#fw4#vpn_domains
nftset=/guilded.gg/4#inet#fw4#vpn_domains
nftset=/lolz.guru/4#inet#fw4#vpn_domains
nftset=/ntc.party/4#inet#fw4#vpn_domains
nftset=/signal.org/4#inet#fw4#vpn_domains
nftset=/simplex.chat/4#inet#fw4#vpn_domains
nftset=/simplex.im/4#inet#fw4#vpn_domains
nftset=/threema.ch/4#inet#fw4#vpn_domains
nftset=/ru-board.com/4#inet#fw4#vpn_domains
#####R.Lub#####
nftset=/cxem.net/4#inet#fw4#vpn_domains
#####Meta#####
nftset=/meta.com/4#inet#fw4#vpn_domains
#####Instagram#####
nftset=/instagram.com/4#inet#fw4#vpn_domains
nftset=/ig.me/4#inet#fw4#vpn_domains
nftset=/cdninstagram.com/4#inet#fw4#vpn_domains
#####Facebook#####
nftset=/facebook.com/4#inet#fw4#vpn_domains
nftset=/facebook.net/4#inet#fw4#vpn_domains
nftset=/fbcdn.net/4#inet#fw4#vpn_domains
nftset=/fbsbx.com/4#inet#fw4#vpn_domains
nftset=/internalfb.com/4#inet#fw4#vpn_domains
nftset=/oculus.com/4#inet#fw4#vpn_domains
nftset=/threads.net/4#inet#fw4#vpn_domains
nftset=/fb.com/4#inet#fw4#vpn_domains
#####Twitter#####
nftset=/ads-twitter.com/4#inet#fw4#vpn_domains
nftset=/cms-twdigitalassets.com/4#inet#fw4#vpn_domains
nftset=/periscope.tv/4#inet#fw4#vpn_domains
nftset=/pscp.tv/4#inet#fw4#vpn_domains
nftset=/t.co/4#inet#fw4#vpn_domains
nftset=/tellapart.com/4#inet#fw4#vpn_domains
nftset=/tweetdeck.com/4#inet#fw4#vpn_domains
nftset=/twimg.com/4#inet#fw4#vpn_domains
nftset=/twitpic.com/4#inet#fw4#vpn_domains
nftset=/twitter.biz/4#inet#fw4#vpn_domains
nftset=/twitter.com/4#inet#fw4#vpn_domains
nftset=/twitter.jp/4#inet#fw4#vpn_domains
nftset=/twittercommunity.com/4#inet#fw4#vpn_domains
nftset=/twitterflightschool.com/4#inet#fw4#vpn_domains
nftset=/twitterinc.com/4#inet#fw4#vpn_domains
nftset=/twitteroauth.com/4#inet#fw4#vpn_domains
nftset=/twitterstat.us/4#inet#fw4#vpn_domains
nftset=/twtrdns.net/4#inet#fw4#vpn_domains
nftset=/twttr.com/4#inet#fw4#vpn_domains
nftset=/twttr.net/4#inet#fw4#vpn_domains
nftset=/twvid.com/4#inet#fw4#vpn_domains
nftset=/vine.co/4#inet#fw4#vpn_domains
nftset=/x.com/4#inet#fw4#vpn_domains
#####Discord#####
nftset=/dis.gd/4#inet#fw4#vpn_domains
nftset=/discord.co/4#inet#fw4#vpn_domains
nftset=/discord.com/4#inet#fw4#vpn_domains
nftset=/discord.design/4#inet#fw4#vpn_domains
nftset=/discord.dev/4#inet#fw4#vpn_domains
nftset=/discord.gg/4#inet#fw4#vpn_domains
nftset=/discord.gift/4#inet#fw4#vpn_domains
nftset=/discord.gifts/4#inet#fw4#vpn_domains
nftset=/discord.media/4#inet#fw4#vpn_domains
nftset=/discord.new/4#inet#fw4#vpn_domains
nftset=/discord.store/4#inet#fw4#vpn_domains
nftset=/discord.tools/4#inet#fw4#vpn_domains
nftset=/discordapp.com/4#inet#fw4#vpn_domains
nftset=/discordapp.net/4#inet#fw4#vpn_domains
nftset=/discordmerch.com/4#inet#fw4#vpn_domains
nftset=/discordpartygames.com/4#inet#fw4#vpn_domains
nftset=/discord-activities.com/4#inet#fw4#vpn_domains
nftset=/discordactivities.com/4#inet#fw4#vpn_domains
nftset=/discordsays.com/4#inet#fw4#vpn_domains
nftset=/discord-attachments-uploads-prd.storage.googleapis.com/4#inet#fw4#vpn_domains
nftset=/discordapp.io/4#inet#fw4#vpn_domains
nftset=/discordapp.org/4#inet#fw4#vpn_domains
nftset=/discordstatus.com/4#inet#fw4#vpn_domains
#####Viber#####
nftset=/viber.com/4#inet#fw4#vpn_domains
#####
nftset=/data-events.cdn.viber.com/4#inet#fw4#vpn_domains
nftset=/vp.cdn.viber.com/4#inet#fw4#vpn_domains
nftset=/abff.viber.com/4#inet#fw4#vpn_domains
nftset=/aloha46.viber.com/4#inet#fw4#vpn_domains
nftset=/abtest.api.viber.com/4#inet#fw4#vpn_domains
nftset=/rakuten.com/4#inet#fw4#vpn_domains
nftset=/adjust.com/4#inet#fw4#vpn_domains
nftset=/adjust.io/4#inet#fw4#vpn_domains
nftset=/vb.me/4#inet#fw4#vpn_domains
nftset=/content.cdn.viber.com/4#inet#fw4#vpn_domains
nftset=/mixpanel.cdn.viber.com/4#inet#fw4#vpn_domains
nftset=/clients-content.viber.com/4#inet#fw4#vpn_domains
nftset=/secure.viber.com/4#inet#fw4#vpn_domains
nftset=/acr.amplreq.com/4#inet#fw4#vpn_domains
nftset=/api.snapkit.com/4#inet#fw4#vpn_domains
#####TikTok#####
nftset=/byteoversea.com/4#inet#fw4#vpn_domains
nftset=/ibytedtos.com/4#inet#fw4#vpn_domains
nftset=/muscdn.com/4#inet#fw4#vpn_domains
nftset=/musical.ly/4#inet#fw4#vpn_domains
nftset=/tik-tokapi.com/4#inet#fw4#vpn_domains
nftset=/tiktok.com/4#inet#fw4#vpn_domains
nftset=/tiktokcdn-us.com/4#inet#fw4#vpn_domains
nftset=/tiktokcdn-eu.com/4#inet#fw4#vpn_domains
nftset=/tiktokcdn.com/4#inet#fw4#vpn_domains
nftset=/tiktokd.net/4#inet#fw4#vpn_domains
nftset=/tiktokd.org/4#inet#fw4#vpn_domains
nftset=/tiktokv.com/4#inet#fw4#vpn_domains
nftset=/tiktokv.us/4#inet#fw4#vpn_domains
nftset=/tiktokw.us/4#inet#fw4#vpn_domains
nftset=/ttwstatic.com/4#inet#fw4#vpn_domains
#####Google#####
nftset=/www.google.com/4#inet#fw4#vpn_domains
nftset=/accounts.google.com/4#inet#fw4#vpn_domains
nftset=/news.google.com/4#inet#fw4#vpn_domains
nftset=/dl.google.com/4#inet#fw4#vpn_domains
nftset=/dl-ssl.google.com/4#inet#fw4#vpn_domains
nftset=/1e100.net/4#inet#fw4#vpn_domains
nftset=/video.google.com/4#inet#fw4#vpn_domains
nftset=/lookerstudio.google.com/4#inet#fw4#vpn_domains
nftset=/suggestqueries.google.com/4#inet#fw4#vpn_domains
nftset=/googletagmanager.com/4#inet#fw4#vpn_domains
nftset=/googleapis.l.google.com/4#inet#fw4#vpn_domains
nftset=/stun.l.google.com/4#inet#fw4#vpn_domains
#####TV#####
nftset=/android.apis.google.com/4#inet#fw4#vpn_domains
nftset=/embeddedassistant.googleapis.com/4#inet#fw4#vpn_domains
nftset=/zerostateproxy-pa.googleapis.com/4#inet#fw4#vpn_domains
nftset=/notifications-pa.googleapis.com/4#inet#fw4#vpn_domains
nftset=/googlehomefoyer-pa.googleapis.com/4#inet#fw4#vpn_domains
nftset=/androidtvlauncherxfe-pa.googleapis.com/4#inet#fw4#vpn_domains
nftset=/androidtvdreamxfe-pa.googleapis.com/4#inet#fw4#vpn_domains
#####Google_play#####
nftset=/android.googleapis.com/4#inet#fw4#vpn_domains
nftset=/googleplay.com/4#inet#fw4#vpn_domains
nftset=/play-fe.googleapis.com/4#inet#fw4#vpn_domains
nftset=/play-games.googleusercontent.com/4#inet#fw4#vpn_domains
nftset=/play-lh.googleusercontent.com/4#inet#fw4#vpn_domains
nftset=/play.google.com/4#inet#fw4#vpn_domains
nftset=/play.googleapis.com/4#inet#fw4#vpn_domains
nftset=/ccp-lh.googleusercontent.com/4#inet#fw4#vpn_domains
nftset=/lh3.googleusercontent.com/4#inet#fw4#vpn_domains
nftset=/connectivitycheck.gstatic.com/4#inet#fw4#vpn_domains
nftset=/android.clients.google.com/4#inet#fw4#vpn_domains
nftset=/playstoregatewayadapter-pa.googleapis.com/4#inet#fw4#vpn_domains
nftset=/prod-lt-playstoregatewayadapter-pa.googleapis.com/4#inet#fw4#vpn_domains
nftset=/gvt1.com/4#inet#fw4#vpn_domains
#####Google_ai#####
nftset=/deepmind.com/4#inet#fw4#vpn_domains
nftset=/deepmind.google/4#inet#fw4#vpn_domains
nftset=/geller-pa.googleapis.com/4#inet#fw4#vpn_domains
nftset=/generativelanguage.googleapis.com/4#inet#fw4#vpn_domains
nftset=/proactivebackend-pa.googleapis.com/4#inet#fw4#vpn_domains
nftset=/ai.google.dev/4#inet#fw4#vpn_domains
nftset=/alkalicore-pa.clients6.google.com/4#inet#fw4#vpn_domains
nftset=/alkalimakersuite-pa.clients6.google.com/4#inet#fw4#vpn_domains
nftset=/generativeai.google/4#inet#fw4#vpn_domains
nftset=/makersuite.google.com/4#inet#fw4#vpn_domains
nftset=/aistudio.google.com/4#inet#fw4#vpn_domains
nftset=/bard.google.com/4#inet#fw4#vpn_domains
nftset=/gemini.google/4#inet#fw4#vpn_domains
nftset=/gemini.google.com/4#inet#fw4#vpn_domains
nftset=/notebooklm.google.com/4#inet#fw4#vpn_domains
#####Youtub#####
nftset=/youtube.com/4#inet#fw4#vpn_wg
nftset=/ytimg.com/4#inet#fw4#vpn_wg
nftset=/yting.com/4#inet#fw4#vpn_wg
nftset=/ggpht.com/4#inet#fw4#vpn_wg
nftset=/googlevideo.com/4#inet#fw4#vpn_wg
nftset=/youtubekids.com/4#inet#fw4#vpn_wg
nftset=/youtu.be/4#inet#fw4#vpn_wg
nftset=/youtube-nocookie.com/4#inet#fw4#vpn_wg
nftset=/wide-youtube.l.google.com/4#inet#fw4#vpn_wg
nftset=/ytimg.l.google.com/4#inet#fw4#vpn_wg
nftset=/youtubei.googleapis.com/4#inet#fw4#vpn_domains
nftset=/youtubeembeddedplayer.googleapis.com/4#inet#fw4#vpn_domains
nftset=/youtube-ui.l.google.com/4#inet#fw4#vpn_wg
nftset=/yt-video-upload.l.google.com/4#inet#fw4#vpn_wg
nftset=/jnn-pa.googleapis.com/4#inet#fw4#vpn_domains
nftset=/returnyoutubedislikeapi.com/4#inet#fw4#vpn_wg
nftset=/yt3.googleusercontent.com/4#inet#fw4#vpn_wg
#####Сloudflare#####
nftset=/engage.cloudflareclient.com/4#inet#fw4#vpn_domains
#####Texnologi i program#####
nftset=/adguard.com/4#inet#fw4#vpn_domains
nftset=/adminforge.de/4#inet#fw4#vpn_domains
nftset=/adobe.com/4#inet#fw4#vpn_domains
nftset=/adobe.io/4#inet#fw4#vpn_domains
nftset=/amazfitwatchfaces.com/4#inet#fw4#vpn_domains
nftset=/amd.com/4#inet#fw4#vpn_domains
nftset=/autodesk.com/4#inet#fw4#vpn_domains
nftset=/avira.com/4#inet#fw4#vpn_domains
nftset=/bell-sw.com/4#inet#fw4#vpn_domains
nftset=/bing.com/4#inet#fw4#vpn_domains
nftset=/blinkshot.io/4#inet#fw4#vpn_domains
nftset=/bosch-home.com/4#inet#fw4#vpn_domains
nftset=/brave.com/4#inet#fw4#vpn_domains
nftset=/broadcom.com/4#inet#fw4#vpn_domains
nftset=/canva.com/4#inet#fw4#vpn_domains
nftset=/capcut.com/4#inet#fw4#vpn_domains
nftset=/certifytheweb.com/4#inet#fw4#vpn_domains
#####
nftset=/chatgpt.com/4#inet#fw4#vpn_domains
nftset=/oaistatic.com/4#inet#fw4#vpn_domains
nftset=/oaiusercontent.com/4#inet#fw4#vpn_domains
nftset=/openai.com/4#inet#fw4#vpn_domains
#####
nftset=/cisco.com/4#inet#fw4#vpn_domains
nftset=/clamav.net/4#inet#fw4#vpn_domains
nftset=/claude.ai/4#inet#fw4#vpn_domains
nftset=/codeium.com/4#inet#fw4#vpn_domains
nftset=/copilot.microsoft.com/4#inet#fw4#vpn_domains
nftset=/cpu-monkey.com/4#inet#fw4#vpn_domains
nftset=/daemon-tools.cc/4#inet#fw4#vpn_domains
nftset=/decrypt.day/4#inet#fw4#vpn_domains
nftset=/dell.com/4#inet#fw4#vpn_domains
nftset=/designer.microsoft.com/4#inet#fw4#vpn_domains
nftset=/digitalocean.com/4#inet#fw4#vpn_domains
nftset=/element14.com/4#inet#fw4#vpn_domains
nftset=/elevenlabs.io/4#inet#fw4#vpn_domains
nftset=/fex.net/4#inet#fw4#vpn_domains
nftset=/fluke.com/4#inet#fw4#vpn_domains
nftset=/flukenetworks.com/4#inet#fw4#vpn_domains
nftset=/framer.com/4#inet#fw4#vpn_domains
nftset=/gitlab.com/4#inet#fw4#vpn_domains
nftset=/gitlab.io/4#inet#fw4#vpn_domains
nftset=/gonitro.com/4#inet#fw4#vpn_domains
nftset=/grafana.com/4#inet#fw4#vpn_domains
nftset=/graylog.org/4#inet#fw4#vpn_domains
nftset=/grazie.ai/4#inet#fw4#vpn_domains
nftset=/habr.com/4#inet#fw4#vpn_domains
nftset=/home-connect.com/4#inet#fw4#vpn_domains
nftset=/huawei.com/4#inet#fw4#vpn_domains
nftset=/ibm.com/4#inet#fw4#vpn_domains
nftset=/infineon.com/4#inet#fw4#vpn_domains
nftset=/intel.com/4#inet#fw4#vpn_domains
nftset=/intel.de/4#inet#fw4#vpn_domains
nftset=/jetbrains.com/4#inet#fw4#vpn_domains
nftset=/keysight.com/4#inet#fw4#vpn_domains
nftset=/lambdalabs.com/4#inet#fw4#vpn_domains
nftset=/leica-geosystems.com/4#inet#fw4#vpn_domains
nftset=/lenovo.com/4#inet#fw4#vpn_domains
nftset=/libgen.li/4#inet#fw4#vpn_domains
nftset=/mbed.com/4#inet#fw4#vpn_domains
nftset=/microchip.com/4#inet#fw4#vpn_domains
nftset=/mixcloud.com/4#inet#fw4#vpn_domains
nftset=/ngrok.com/4#inet#fw4#vpn_domains
nftset=/notepad-plus-plus.org/4#inet#fw4#vpn_domains
nftset=/nxp.com/4#inet#fw4#vpn_domains
nftset=/pages.dev/4#inet#fw4#vpn_domains
nftset=/pcbway.com/4#inet#fw4#vpn_domains
nftset=/porsche.com/4#inet#fw4#vpn_domains
nftset=/prnt.sc/4#inet#fw4#vpn_domains
nftset=/qt.io/4#inet#fw4#vpn_domains
nftset=/reactflow.dev/4#inet#fw4#vpn_domains
nftset=/singlekey-id.com/4#inet#fw4#vpn_domains
nftset=/teamviewer.com/4#inet#fw4#vpn_domains
nftset=/ti.com/4#inet#fw4#vpn_domains
nftset=/torproject.org/4#inet#fw4#vpn_domains
nftset=/ubnt.com/4#inet#fw4#vpn_domains
nftset=/volkswagen-classic-parts.com/4#inet#fw4#vpn_domains
nftset=/vyos.io/4#inet#fw4#vpn_domains
nftset=/weebly.com/4#inet#fw4#vpn_domains
nftset=/xerox.com/4#inet#fw4#vpn_domains
nftset=/quickconnect.to/4#inet#fw4#vpn_domains
nftset=/snort.org/4#inet#fw4#vpn_domains
#####VPN#####
nftset=/sing-box.sagernet.org/4#inet#fw4#vpn_domains
nftset=/amnezia.org/4#inet#fw4#vpn_domains
nftset=/pkgs.tailscale.com/4#inet#fw4#vpn_domains
nftset=/getoutline.org/4#inet#fw4#vpn_domains
nftset=/psiphon.ca/4#inet#fw4#vpn_domains
nftset=/vpngate.net/4#inet#fw4#vpn_domains
nftset=/vpngen.org/4#inet#fw4#vpn_domains
#####Skachat#####
nftset=/1337x.to/4#inet#fw4#vpn_domains
nftset=/babook.org/4#inet#fw4#vpn_domains
nftset=/booktracker.org/4#inet#fw4#vpn_domains
nftset=/gnome-look.org/4#inet#fw4#vpn_domains
#####
nftset=/nnmclub.to/4#inet#fw4#vpn_domains
nftset=/nnmstatic.win/4#inet#fw4#vpn_domains
#####
nftset=/riperam.org/4#inet#fw4#vpn_domains
nftset=/rutor.info/4#inet#fw4#vpn_domains
nftset=/rutor.org/4#inet#fw4#vpn_domains
nftset=/cdnbunny.org/4#inet#fw4#vpn_domains
nftset=/rutracker.net/4#inet#fw4#vpn_domains
nftset=/rutracker.org/4#inet#fw4#vpn_domains
nftset=/turbobit.net/4#inet#fw4#vpn_domains
nftset=/ufile.io/4#inet#fw4#vpn_domains
nftset=/gofile.io/4#inet#fw4#vpn_domains
nftset=/wetransfer.com/4#inet#fw4#vpn_domains
#####Magasin#####
nftset=/amazon.com/4#inet#fw4#vpn_domains
nftset=/bestbuy.com/4#inet#fw4#vpn_domains
nftset=/digikey.com/4#inet#fw4#vpn_domains
nftset=/mouser.com/4#inet#fw4#vpn_domains
nftset=/olx.ua/4#inet#fw4#vpn_domains
#####Gema#####
nftset=/boosteroid.com/4#inet#fw4#vpn_domains
nftset=/chess.com/4#inet#fw4#vpn_domains
nftset=/eggertspiele.de/4#inet#fw4#vpn_domains
nftset=/gameloft.com/4#inet#fw4#vpn_domains
nftset=/gamesrepack.com/4#inet#fw4#vpn_domains
nftset=/gfn.am/4#inet#fw4#vpn_domains
nftset=/stalker2.com/4#inet#fw4#vpn_domains
nftset=/velocidrone.com/4#inet#fw4#vpn_domains
nftset=/supercell.com/4#inet#fw4#vpn_domains
#####Pogoda#####
nftset=/windy.com/4#inet#fw4#vpn_domains
nftset=/windguru.cz/4#inet#fw4#vpn_domains
nftset=/wunderground.com/4#inet#fw4#vpn_domains
#####Muneta#####
nftset=/bitcoin.org/4#inet#fw4#vpn_domains
nftset=/buckaroo.nl/4#inet#fw4#vpn_domains
nftset=/coingate.com/4#inet#fw4#vpn_domains
nftset=/coinpayments.net/4#inet#fw4#vpn_domains
nftset=/coinsbee.com/4#inet#fw4#vpn_domains
nftset=/forklog.com/4#inet#fw4#vpn_domains
nftset=/okx.com/4#inet#fw4#vpn_domains
nftset=/opensea.io/4#inet#fw4#vpn_domains
nftset=/paypal.com/4#inet#fw4#vpn_domains
nftset=/privatekeys.pw/4#inet#fw4#vpn_domains
#####Xbox#####
nftset=/xsts.auth.xboxlive.com/4#inet#fw4#vpn_domains
nftset=/dl.delivery.mp.microsoft.com/4#inet#fw4#vpn_domains
nftset=/cs1.wpc.v0cdn.net/4#inet#fw4#vpn_domains
nftset=/xboxlive.com/4#inet#fw4#vpn_domains
nftset=/xbox.com/4#inet#fw4#vpn_domains
nftset=/blob.core.windows.net/4#inet#fw4#vpn_domains
#####
nftset=/gamepass.com/4#inet#fw4#vpn_domains
nftset=/orithegame.com/4#inet#fw4#vpn_domains
nftset=/renovacionxboxlive.com/4#inet#fw4#vpn_domains
nftset=/tellmewhygame.com/4#inet#fw4#vpn_domains
nftset=/xbox.co/4#inet#fw4#vpn_domains
nftset=/xbox.eu/4#inet#fw4#vpn_domains
nftset=/xbox.org/4#inet#fw4#vpn_domains
nftset=/xbox360.co/4#inet#fw4#vpn_domains
nftset=/xbox360.com/4#inet#fw4#vpn_domains
nftset=/xbox360.eu/4#inet#fw4#vpn_domains
nftset=/xbox360.org/4#inet#fw4#vpn_domains
nftset=/xboxab.com/4#inet#fw4#vpn_domains
nftset=/xboxgamepass.com/4#inet#fw4#vpn_domains
nftset=/xboxgamestudios.com/4#inet#fw4#vpn_domains
nftset=/xboxlive.cn/4#inet#fw4#vpn_domains
nftset=/xboxone.co/4#inet#fw4#vpn_domains
nftset=/xboxone.com/4#inet#fw4#vpn_domains
nftset=/xboxone.eu/4#inet#fw4#vpn_domains
nftset=/xboxplayanywhere.com/4#inet#fw4#vpn_domains
nftset=/xboxservices.com/4#inet#fw4#vpn_domains
nftset=/xboxstudios.com/4#inet#fw4#vpn_domains
nftset=/xbx.lv/4#inet#fw4#vpn_domains
#####Xlam#####
nftset=/whoer.net/4#inet#fw4#vpn_domains
nftset=/showip.net/4#inet#fw4#vpn_domains
nftset=/fast.com/4#inet#fw4#vpn_domains
nftset=/10minutemail.com/4#inet#fw4#vpn_domains
nftset=/depositphotos.com/4#inet#fw4#vpn_domains
nftset=/dpidetector.org/4#inet#fw4#vpn_domains
nftset=/m3u.in/4#inet#fw4#vpn_domains
nftset=/macvendors.com/4#inet#fw4#vpn_domains
nftset=/mailfence.com/4#inet#fw4#vpn_domains
nftset=/mailo.com/4#inet#fw4#vpn_domains
nftset=/ohmyswift.ru/4#inet#fw4#vpn_domains
nftset=/omv-extras.org/4#inet#fw4#vpn_domains
nftset=/onlinesim.ru/4#inet#fw4#vpn_domains
nftset=/plugshare.com/4#inet#fw4#vpn_domains
nftset=/quora.com/4#inet#fw4#vpn_domains
nftset=/quora.com.cdn.cloudflare.net/4#inet#fw4#vpn_domains
nftset=/remove.bg/4#inet#fw4#vpn_domains
nftset=/rentry.co/4#inet#fw4#vpn_domains
nftset=/spreadthesign.com/4#inet#fw4#vpn_domains
nftset=/strava.com/4#inet#fw4#vpn_domains
nftset=/telemetr.io/4#inet#fw4#vpn_domains
nftset=/zerossl.com/4#inet#fw4#vpn_domains
nftset=/znanija.com/4#inet#fw4#vpn_domains
#####Blog#####
nftset=/itdog.info/4#inet#fw4#vpn_domains
nftset=/weblance.com.ua/4#inet#fw4#vpn_domains
nftset=/simplix.info/4#inet#fw4#vpn_domains
#####
nftset=/aqicn.org/4#inet#fw4#vpn_domains
#####
nftset=/.ua/4#inet#fw4#vpn_domains
nftset=/com.ua/4#inet#fw4#vpn_domains
nftset=/expres.online/4#inet#fw4#vpn_domains
nftset=/gagadget.com/4#inet#fw4#vpn_domains
nftset=/interfax.com.ua/4#inet#fw4#vpn_domains
nftset=/korrespondent.net/4#inet#fw4#vpn_domains
nftset=/rbc.ua/4#inet#fw4#vpn_domains
nftset=/tvfreedom.io/4#inet#fw4#vpn_domains
nftset=/unian.net/4#inet#fw4#vpn_domains
#####Novost#####
nftset=/deepstatemap.live/4#inet#fw4#vpn_domains
nftset=/extremetech.com/4#inet#fw4#vpn_domains
nftset=/golosameriki.com/4#inet#fw4#vpn_domains
nftset=/liveuamap.com/4#inet#fw4#vpn_domains
